// Jest Snapshot v1, https://goo.gl/fbAQLP

exports[`importFromChromeCPUProfile 1`] = `
Object {
  "frames": Array [
    Frame {
      "col": 0,
      "file": "",
      "key": "(anonymous)::0:0",
      "line": 0,
      "name": "(anonymous)",
      "selfWeight": 11575,
      "totalWeight": 45920,
    },
    Frame {
      "col": 10,
      "file": "",
      "key": "a::0:10",
      "line": 0,
      "name": "a",
      "selfWeight": 0,
      "totalWeight": 34345,
    },
    Frame {
      "col": 10,
      "file": "",
      "key": "b::5:10",
      "line": 5,
      "name": "b",
      "selfWeight": 0,
      "totalWeight": 16788,
    },
    Frame {
      "col": 10,
      "file": "",
      "key": "d::13:10",
      "line": 13,
      "name": "d",
      "selfWeight": 34345,
      "totalWeight": 34345,
    },
    Frame {
      "col": 10,
      "file": "",
      "key": "c::9:10",
      "line": 9,
      "name": "c",
      "selfWeight": 0,
      "totalWeight": 17557,
    },
  ],
  "name": "simple.cpuprofile",
  "stacks": Array [
    "(anonymous) 11.57ms",
    "(anonymous);a;b;d 16.79ms",
    "(anonymous);a;c;d 17.56ms",
  ],
}
`;

exports[`importFromChromeCPUProfile: indexToView 1`] = `0`;

exports[`importFromChromeCPUProfile: profileGroup.name 1`] = `"simple.cpuprofile"`;

exports[`importFromChromeTimeline 1`] = `
Object {
  "frames": Array [
    Frame {
      "col": -1,
      "file": "",
      "key": "(program)::-1:-1",
      "line": -1,
      "name": "(program)",
      "selfWeight": 12244,
      "totalWeight": 12244,
    },
    Frame {
      "col": 10,
      "file": "file:///Users/jlfwong/code/speedscope/sample/programs/javascript/simple.js",
      "key": "a:file:///Users/jlfwong/code/speedscope/sample/programs/javascript/simple.js:0:10",
      "line": 0,
      "name": "a",
      "selfWeight": 0,
      "totalWeight": 33184,
    },
    Frame {
      "col": 10,
      "file": "file:///Users/jlfwong/code/speedscope/sample/programs/javascript/simple.js",
      "key": "c:file:///Users/jlfwong/code/speedscope/sample/programs/javascript/simple.js:13:10",
      "line": 13,
      "name": "c",
      "selfWeight": 16197,
      "totalWeight": 16197,
    },
    Frame {
      "col": 10,
      "file": "file:///Users/jlfwong/code/speedscope/sample/programs/javascript/simple.js",
      "key": "b:file:///Users/jlfwong/code/speedscope/sample/programs/javascript/simple.js:7:10",
      "line": 7,
      "name": "b",
      "selfWeight": 16987,
      "totalWeight": 16987,
    },
  ],
  "name": "simple-timeline.json",
  "stacks": Array [
    "(program) 10.16ms",
    " 1.99ms",
    "(program) 926.00µs",
    " 85.95ms",
    "(program) 133.00µs",
    " 8.40ms",
    "(program) 134.00µs",
    "a;c 257.00µs",
    "a;b 534.00µs",
    "a;c 513.00µs",
    "a;b 513.00µs",
    "a;c 257.00µs",
    "a;b 518.00µs",
    "a;c 514.00µs",
    "a;b 261.00µs",
    "a;c 517.00µs",
    "a;b 258.00µs",
    "a;c 145.00µs",
    "a;b 134.00µs",
    "a;c 292.00µs",
    "a;b 272.00µs",
    "a;c 129.00µs",
    "a;b 145.00µs",
    "a;c 265.00µs",
    "a;b 142.00µs",
    "a;c 141.00µs",
    "a;b 139.00µs",
    "a;c 397.00µs",
    "a;b 126.00µs",
    "a;c 131.00µs",
    "a;b 126.00µs",
    "a;c 521.00µs",
    "a;b 128.00µs",
    "a;c 261.00µs",
    "a;b 127.00µs",
    "a;c 130.00µs",
    "a;b 128.00µs",
    "a;c 136.00µs",
    "a;b 272.00µs",
    "a;c 146.00µs",
    "a;b 661.00µs",
    "a;c 113.00µs",
    "a;b 135.00µs",
    "a;c 585.00µs",
    "a;b 294.00µs",
    "a;c 274.00µs",
    "a;b 129.00µs",
    "a;c 127.00µs",
    "a;b 128.00µs",
    "a;c 247.00µs",
    "a;b 526.00µs",
    "a;c 125.00µs",
    "a;b 129.00µs",
    "a;c 131.00µs",
    "a;b 253.00µs",
    "a;c 135.00µs",
    "a;b 123.00µs",
    "a;c 128.00µs",
    "a;b 257.00µs",
    "a;c 137.00µs",
    "a;b 256.00µs",
    "a;c 411.00µs",
    "a;b 892.00µs",
    "a;c 146.00µs",
    "a;b 148.00µs",
    "a;c 309.00µs",
    "a;b 140.00µs",
    "a;c 151.00µs",
    "a;b 458.00µs",
    "a;c 156.00µs",
    "a;b 170.00µs",
    "a;c 139.00µs",
    "a;b 290.00µs",
    "a;c 115.00µs",
    "a;b 281.00µs",
    "a;c 270.00µs",
    "a;b 283.00µs",
    "a;c 144.00µs",
    "a;b 146.00µs",
    "a;c 410.00µs",
    "a;b 146.00µs",
    "a;c 147.00µs",
    "a;b 312.00µs",
    "a;c 146.00µs",
    "a;b 907.00µs",
    "a;c 231.00µs",
    "a;b 138.00µs",
    "a;c 280.00µs",
    "a;b 255.00µs",
    "a;c 257.00µs",
    "a;b 130.00µs",
    "a;c 255.00µs",
    "a;b 128.00µs",
    "a;c 526.00µs",
    "a;b 128.00µs",
    "a;c 384.00µs",
    "a;b 398.00µs",
    "a;c 260.00µs",
    "a;b 664.00µs",
    "a;c 150.00µs",
    "a;b 147.00µs",
    "a;c 156.00µs",
    "a;b 137.00µs",
    "a;c 141.00µs",
    "a;b 140.00µs",
    "a;c 141.00µs",
    "a;b 141.00µs",
    "a;c 140.00µs",
    "a;b 140.00µs",
    "a;c 139.00µs",
    "a;b 129.00µs",
    "a;c 269.00µs",
    "a;b 293.00µs",
    "a;c 148.00µs",
    "a;b 293.00µs",
    "a;c 292.00µs",
    "a;b 296.00µs",
    "a;c 147.00µs",
    "a;b 140.00µs",
    "a;c 139.00µs",
    "a;b 139.00µs",
    "a;c 511.00µs",
    "a;b 515.00µs",
    "a;c 386.00µs",
    "a;b 514.00µs",
    "a;c 272.00µs",
    "a;b 242.00µs",
    "a;c 128.00µs",
    "a;b 134.00µs",
    "a;c 112.00µs",
    "a;b 288.00µs",
    "a;c 451.00µs",
    "a;b 138.00µs",
    "a;c 292.00µs",
    "a;b 145.00µs",
    "a;c 259.00µs",
    "a;b 148.00µs",
    "a;c 293.00µs",
    "a;b 140.00µs",
    "a;c 140.00µs",
    " 61.61ms",
    "(program) 118.00µs",
    " 134.00µs",
    "(program) 128.00µs",
    " 16.40ms",
    "(program) 125.00µs",
    " 16.64ms",
    "(program) 129.00µs",
    " 16.72ms",
    "(program) 130.00µs",
    " 294.15ms",
    "(program) 129.00µs",
    " 7.68ms",
    "(program) 131.00µs",
  ],
}
`;

exports[`importFromChromeTimeline: indexToView 1`] = `0`;

exports[`importFromChromeTimeline: profileGroup.name 1`] = `"simple-timeline.json"`;
